/Users/ananyu/NetBeansProjects/Zimobackend/src/main/java/com/mycompany/zimobackend/resources/JakartaEE91Resource.java
/Users/ananyu/NetBeansProjects/Zimobackend/src/main/java/com/mycompany/zimobackend/model/Charger.java
/Users/ananyu/NetBeansProjects/Zimobackend/src/main/java/com/mycompany/zimobackend/exception/ChargerNotFoundExceptionMapper.java
/Users/ananyu/NetBeansProjects/Zimobackend/src/main/java/com/mycompany/zimobackend/exception/ChargerNotFoundException.java
/Users/ananyu/NetBeansProjects/Zimobackend/src/main/java/com/mycompany/zimobackend/resources/StationResource.java
/Users/ananyu/NetBeansProjects/Zimobackend/src/main/java/com/mycompany/zimobackend/JAXRSConfiguration.java
/Users/ananyu/NetBeansProjects/Zimobackend/src/main/java/com/mycompany/zimobackend/exception/StationNotFoundException.java
/Users/ananyu/NetBeansProjects/Zimobackend/src/main/java/com/mycompany/zimobackend/model/Station.java
/Users/ananyu/NetBeansProjects/Zimobackend/src/main/java/com/mycompany/zimobackend/exception/StationNotFoundExceptionMapper.java
/Users/ananyu/NetBeansProjects/Zimobackend/src/main/java/com/mycompany/zimobackend/exception/InvalidInputException.java
/Users/ananyu/NetBeansProjects/Zimobackend/src/main/java/com/mycompany/zimobackend/resources/ChargerResource.java
